Archive member included to satisfy reference by file (symbol)

c:/program files (x86)/atmel/studio/7.0/toolchain/arm/arm-gnu-toolchain/bin/../lib/gcc/arm-none-eabi/6.3.1/../../../../arm-none-eabi/lib/thumb/v7e-m\libc.a(lib_a-exit.o)
                              c:/program files (x86)/atmel/studio/7.0/toolchain/arm/arm-gnu-toolchain/bin/../lib/gcc/arm-none-eabi/6.3.1/../../../../arm-none-eabi/lib/thumb/v7e-m/crt0.o (exit)
c:/program files (x86)/atmel/studio/7.0/toolchain/arm/arm-gnu-toolchain/bin/../lib/gcc/arm-none-eabi/6.3.1/../../../../arm-none-eabi/lib/thumb/v7e-m\libc.a(lib_a-impure.o)
                              c:/program files (x86)/atmel/studio/7.0/toolchain/arm/arm-gnu-toolchain/bin/../lib/gcc/arm-none-eabi/6.3.1/../../../../arm-none-eabi/lib/thumb/v7e-m\libc.a(lib_a-exit.o) (_global_impure_ptr)
c:/program files (x86)/atmel/studio/7.0/toolchain/arm/arm-gnu-toolchain/bin/../lib/gcc/arm-none-eabi/6.3.1/../../../../arm-none-eabi/lib/thumb/v7e-m\libc.a(lib_a-init.o)
                              c:/program files (x86)/atmel/studio/7.0/toolchain/arm/arm-gnu-toolchain/bin/../lib/gcc/arm-none-eabi/6.3.1/../../../../arm-none-eabi/lib/thumb/v7e-m/crt0.o (__libc_init_array)
c:/program files (x86)/atmel/studio/7.0/toolchain/arm/arm-gnu-toolchain/bin/../lib/gcc/arm-none-eabi/6.3.1/../../../../arm-none-eabi/lib/thumb/v7e-m\libc.a(lib_a-memset.o)
                              c:/program files (x86)/atmel/studio/7.0/toolchain/arm/arm-gnu-toolchain/bin/../lib/gcc/arm-none-eabi/6.3.1/../../../../arm-none-eabi/lib/thumb/v7e-m/crt0.o (memset)
c:/program files (x86)/atmel/studio/7.0/toolchain/arm/arm-gnu-toolchain/bin/../lib/gcc/arm-none-eabi/6.3.1/../../../../arm-none-eabi/lib/thumb/v7e-m\libc.a(lib_a-__call_atexit.o)
                              c:/program files (x86)/atmel/studio/7.0/toolchain/arm/arm-gnu-toolchain/bin/../lib/gcc/arm-none-eabi/6.3.1/../../../../arm-none-eabi/lib/thumb/v7e-m\libc.a(lib_a-exit.o) (__call_exitprocs)
c:/program files (x86)/atmel/studio/7.0/toolchain/arm/arm-gnu-toolchain/bin/../lib/gcc/arm-none-eabi/6.3.1/../../../../arm-none-eabi/lib/thumb/v7e-m\libc.a(lib_a-atexit.o)
                              c:/program files (x86)/atmel/studio/7.0/toolchain/arm/arm-gnu-toolchain/bin/../lib/gcc/arm-none-eabi/6.3.1/../../../../arm-none-eabi/lib/thumb/v7e-m\libc.a(lib_a-__call_atexit.o) (atexit)
c:/program files (x86)/atmel/studio/7.0/toolchain/arm/arm-gnu-toolchain/bin/../lib/gcc/arm-none-eabi/6.3.1/../../../../arm-none-eabi/lib/thumb/v7e-m\libc.a(lib_a-fini.o)
                              c:/program files (x86)/atmel/studio/7.0/toolchain/arm/arm-gnu-toolchain/bin/../lib/gcc/arm-none-eabi/6.3.1/../../../../arm-none-eabi/lib/thumb/v7e-m\libc.a(lib_a-__call_atexit.o) (__libc_fini_array)
c:/program files (x86)/atmel/studio/7.0/toolchain/arm/arm-gnu-toolchain/bin/../lib/gcc/arm-none-eabi/6.3.1/../../../../arm-none-eabi/lib/thumb/v7e-m\libc.a(lib_a-lock.o)
                              c:/program files (x86)/atmel/studio/7.0/toolchain/arm/arm-gnu-toolchain/bin/../lib/gcc/arm-none-eabi/6.3.1/../../../../arm-none-eabi/lib/thumb/v7e-m\libc.a(lib_a-__call_atexit.o) (__retarget_lock_acquire_recursive)
c:/program files (x86)/atmel/studio/7.0/toolchain/arm/arm-gnu-toolchain/bin/../lib/gcc/arm-none-eabi/6.3.1/../../../../arm-none-eabi/lib/thumb/v7e-m\libc.a(lib_a-__atexit.o)
                              c:/program files (x86)/atmel/studio/7.0/toolchain/arm/arm-gnu-toolchain/bin/../lib/gcc/arm-none-eabi/6.3.1/../../../../arm-none-eabi/lib/thumb/v7e-m\libc.a(lib_a-atexit.o) (__register_exitproc)

Allocating common symbols
Common symbol       size              file

__lock___atexit_recursive_mutex
                    0x1               c:/program files (x86)/atmel/studio/7.0/toolchain/arm/arm-gnu-toolchain/bin/../lib/gcc/arm-none-eabi/6.3.1/../../../../arm-none-eabi/lib/thumb/v7e-m\libc.a(lib_a-lock.o)
__lock___arc4random_mutex
                    0x1               c:/program files (x86)/atmel/studio/7.0/toolchain/arm/arm-gnu-toolchain/bin/../lib/gcc/arm-none-eabi/6.3.1/../../../../arm-none-eabi/lib/thumb/v7e-m\libc.a(lib_a-lock.o)
__lock___env_recursive_mutex
                    0x1               c:/program files (x86)/atmel/studio/7.0/toolchain/arm/arm-gnu-toolchain/bin/../lib/gcc/arm-none-eabi/6.3.1/../../../../arm-none-eabi/lib/thumb/v7e-m\libc.a(lib_a-lock.o)
__lock___sinit_recursive_mutex
                    0x1               c:/program files (x86)/atmel/studio/7.0/toolchain/arm/arm-gnu-toolchain/bin/../lib/gcc/arm-none-eabi/6.3.1/../../../../arm-none-eabi/lib/thumb/v7e-m\libc.a(lib_a-lock.o)
__lock___malloc_recursive_mutex
                    0x1               c:/program files (x86)/atmel/studio/7.0/toolchain/arm/arm-gnu-toolchain/bin/../lib/gcc/arm-none-eabi/6.3.1/../../../../arm-none-eabi/lib/thumb/v7e-m\libc.a(lib_a-lock.o)
__lock___at_quick_exit_mutex
                    0x1               c:/program files (x86)/atmel/studio/7.0/toolchain/arm/arm-gnu-toolchain/bin/../lib/gcc/arm-none-eabi/6.3.1/../../../../arm-none-eabi/lib/thumb/v7e-m\libc.a(lib_a-lock.o)
__lock___dd_hash_mutex
                    0x1               c:/program files (x86)/atmel/studio/7.0/toolchain/arm/arm-gnu-toolchain/bin/../lib/gcc/arm-none-eabi/6.3.1/../../../../arm-none-eabi/lib/thumb/v7e-m\libc.a(lib_a-lock.o)
__lock___tz_mutex   0x1               c:/program files (x86)/atmel/studio/7.0/toolchain/arm/arm-gnu-toolchain/bin/../lib/gcc/arm-none-eabi/6.3.1/../../../../arm-none-eabi/lib/thumb/v7e-m\libc.a(lib_a-lock.o)
__lock___sfp_recursive_mutex
                    0x1               c:/program files (x86)/atmel/studio/7.0/toolchain/arm/arm-gnu-toolchain/bin/../lib/gcc/arm-none-eabi/6.3.1/../../../../arm-none-eabi/lib/thumb/v7e-m\libc.a(lib_a-lock.o)

Discarded input sections

 .text          0x00000000        0x0 c:/program files (x86)/atmel/studio/7.0/toolchain/arm/arm-gnu-toolchain/bin/../lib/gcc/arm-none-eabi/6.3.1/thumb/v7e-m/crti.o
 .data          0x00000000        0x0 c:/program files (x86)/atmel/studio/7.0/toolchain/arm/arm-gnu-toolchain/bin/../lib/gcc/arm-none-eabi/6.3.1/thumb/v7e-m/crti.o
 .bss           0x00000000        0x0 c:/program files (x86)/atmel/studio/7.0/toolchain/arm/arm-gnu-toolchain/bin/../lib/gcc/arm-none-eabi/6.3.1/thumb/v7e-m/crti.o
 .data          0x00000000        0x4 c:/program files (x86)/atmel/studio/7.0/toolchain/arm/arm-gnu-toolchain/bin/../lib/gcc/arm-none-eabi/6.3.1/thumb/v7e-m/crtbegin.o
 .text          0x00000000       0x74 c:/program files (x86)/atmel/studio/7.0/toolchain/arm/arm-gnu-toolchain/bin/../lib/gcc/arm-none-eabi/6.3.1/../../../../arm-none-eabi/lib/thumb/v7e-m/crt0.o
 .data          0x00000000        0x0 c:/program files (x86)/atmel/studio/7.0/toolchain/arm/arm-gnu-toolchain/bin/../lib/gcc/arm-none-eabi/6.3.1/../../../../arm-none-eabi/lib/thumb/v7e-m/crt0.o
 .bss           0x00000000        0x0 c:/program files (x86)/atmel/studio/7.0/toolchain/arm/arm-gnu-toolchain/bin/../lib/gcc/arm-none-eabi/6.3.1/../../../../arm-none-eabi/lib/thumb/v7e-m/crt0.o
 .ARM.extab     0x00000000        0x0 c:/program files (x86)/atmel/studio/7.0/toolchain/arm/arm-gnu-toolchain/bin/../lib/gcc/arm-none-eabi/6.3.1/../../../../arm-none-eabi/lib/thumb/v7e-m/crt0.o
 .ARM.exidx     0x00000000        0x8 c:/program files (x86)/atmel/studio/7.0/toolchain/arm/arm-gnu-toolchain/bin/../lib/gcc/arm-none-eabi/6.3.1/../../../../arm-none-eabi/lib/thumb/v7e-m/crt0.o
 .ARM.attributes
                0x00000000       0x1c c:/program files (x86)/atmel/studio/7.0/toolchain/arm/arm-gnu-toolchain/bin/../lib/gcc/arm-none-eabi/6.3.1/../../../../arm-none-eabi/lib/thumb/v7e-m/crt0.o
 .group         0x00000000        0x8 Device_Startup/startup_sam4s.o
 .group         0x00000000        0x8 Device_Startup/startup_sam4s.o
 .group         0x00000000        0x8 Device_Startup/startup_sam4s.o
 .group         0x00000000        0x8 Device_Startup/startup_sam4s.o
 .group         0x00000000        0x8 Device_Startup/startup_sam4s.o
 .group         0x00000000        0x8 Device_Startup/startup_sam4s.o
 .group         0x00000000        0x8 Device_Startup/startup_sam4s.o
 .group         0x00000000        0x8 Device_Startup/startup_sam4s.o
 .group         0x00000000        0x8 Device_Startup/startup_sam4s.o
 .group         0x00000000        0x8 Device_Startup/startup_sam4s.o
 .group         0x00000000        0x8 Device_Startup/startup_sam4s.o
 .group         0x00000000        0x8 Device_Startup/startup_sam4s.o
 .group         0x00000000        0x8 Device_Startup/startup_sam4s.o
 .group         0x00000000        0x8 Device_Startup/startup_sam4s.o
 .group         0x00000000        0x8 Device_Startup/startup_sam4s.o
 .group         0x00000000        0x8 Device_Startup/startup_sam4s.o
 .group         0x00000000        0x8 Device_Startup/startup_sam4s.o
 .group         0x00000000        0x8 Device_Startup/startup_sam4s.o
 .group         0x00000000        0x8 Device_Startup/startup_sam4s.o
 .group         0x00000000        0x8 Device_Startup/startup_sam4s.o
 .group         0x00000000        0x8 Device_Startup/startup_sam4s.o
 .group         0x00000000        0x8 Device_Startup/startup_sam4s.o
 .group         0x00000000        0x8 Device_Startup/startup_sam4s.o
 .group         0x00000000        0x8 Device_Startup/startup_sam4s.o
 .group         0x00000000        0x8 Device_Startup/startup_sam4s.o
 .group         0x00000000        0x8 Device_Startup/startup_sam4s.o
 .group         0x00000000        0x8 Device_Startup/startup_sam4s.o
 .group         0x00000000        0x8 Device_Startup/startup_sam4s.o
 .group         0x00000000        0x8 Device_Startup/startup_sam4s.o
 .group         0x00000000        0x8 Device_Startup/startup_sam4s.o
 .group         0x00000000        0x8 Device_Startup/startup_sam4s.o
 .group         0x00000000        0x8 Device_Startup/startup_sam4s.o
 .group         0x00000000        0x8 Device_Startup/startup_sam4s.o
 .group         0x00000000        0x8 Device_Startup/startup_sam4s.o
 .group         0x00000000        0x8 Device_Startup/startup_sam4s.o
 .group         0x00000000        0x8 Device_Startup/startup_sam4s.o
 .group         0x00000000        0x8 Device_Startup/startup_sam4s.o
 .group         0x00000000        0x8 Device_Startup/startup_sam4s.o
 .group         0x00000000        0x8 Device_Startup/startup_sam4s.o
 .group         0x00000000        0x8 Device_Startup/startup_sam4s.o
 .group         0x00000000        0x8 Device_Startup/startup_sam4s.o
 .group         0x00000000        0x8 Device_Startup/startup_sam4s.o
 .group         0x00000000        0x8 Device_Startup/startup_sam4s.o
 .group         0x00000000        0x8 Device_Startup/startup_sam4s.o
 .group         0x00000000        0x8 Device_Startup/startup_sam4s.o
 .group         0x00000000        0x8 Device_Startup/startup_sam4s.o
 .group         0x00000000        0x8 Device_Startup/startup_sam4s.o
 .group         0x00000000        0x8 Device_Startup/startup_sam4s.o
 .group         0x00000000        0x8 Device_Startup/startup_sam4s.o
 .group         0x00000000        0x8 Device_Startup/startup_sam4s.o
 .group         0x00000000        0x8 Device_Startup/startup_sam4s.o
 .group         0x00000000        0x8 Device_Startup/startup_sam4s.o
 .group         0x00000000        0x8 Device_Startup/startup_sam4s.o
 .group         0x00000000        0x8 Device_Startup/startup_sam4s.o
 .group         0x00000000        0x8 Device_Startup/startup_sam4s.o
 .group         0x00000000        0x8 Device_Startup/startup_sam4s.o
 .group         0x00000000        0x8 Device_Startup/startup_sam4s.o
 .group         0x00000000        0x8 Device_Startup/startup_sam4s.o
 .group         0x00000000        0x8 Device_Startup/startup_sam4s.o
 .group         0x00000000        0x8 Device_Startup/startup_sam4s.o
 .group         0x00000000        0x8 Device_Startup/startup_sam4s.o
 .group         0x00000000        0x8 Device_Startup/startup_sam4s.o
 .group         0x00000000        0x8 Device_Startup/startup_sam4s.o
 .group         0x00000000        0x8 Device_Startup/startup_sam4s.o
 .group         0x00000000        0x8 Device_Startup/startup_sam4s.o
 .group         0x00000000        0x8 Device_Startup/startup_sam4s.o
 .group         0x00000000        0x8 Device_Startup/startup_sam4s.o
 .group         0x00000000        0x8 Device_Startup/startup_sam4s.o
 .group         0x00000000        0x8 Device_Startup/startup_sam4s.o
 .group         0x00000000        0x8 Device_Startup/startup_sam4s.o
 .group         0x00000000        0x8 Device_Startup/startup_sam4s.o
 .text          0x00000000        0x0 Device_Startup/startup_sam4s.o
 .data          0x00000000        0x0 Device_Startup/startup_sam4s.o
 .bss           0x00000000        0x0 Device_Startup/startup_sam4s.o
 .group         0x00000000        0x8 Device_Startup/system_sam4s.o
 .group         0x00000000        0x8 Device_Startup/system_sam4s.o
 .group         0x00000000        0x8 Device_Startup/system_sam4s.o
 .group         0x00000000        0x8 Device_Startup/system_sam4s.o
 .group         0x00000000        0x8 Device_Startup/system_sam4s.o
 .group         0x00000000        0x8 Device_Startup/system_sam4s.o
 .group         0x00000000        0x8 Device_Startup/system_sam4s.o
 .group         0x00000000        0x8 Device_Startup/system_sam4s.o
 .group         0x00000000        0x8 Device_Startup/system_sam4s.o
 .group         0x00000000        0x8 Device_Startup/system_sam4s.o
 .group         0x00000000        0x8 Device_Startup/system_sam4s.o
 .group         0x00000000        0x8 Device_Startup/system_sam4s.o
 .group         0x00000000        0x8 Device_Startup/system_sam4s.o
 .group         0x00000000        0x8 Device_Startup/system_sam4s.o
 .group         0x00000000        0x8 Device_Startup/system_sam4s.o
 .group         0x00000000        0x8 Device_Startup/system_sam4s.o
 .group         0x00000000        0x8 Device_Startup/system_sam4s.o
 .group         0x00000000        0x8 Device_Startup/system_sam4s.o
 .group         0x00000000        0x8 Device_Startup/system_sam4s.o
 .group         0x00000000        0x8 Device_Startup/system_sam4s.o
 .group         0x00000000        0x8 Device_Startup/system_sam4s.o
 .group         0x00000000        0x8 Device_Startup/system_sam4s.o
 .group         0x00000000        0x8 Device_Startup/system_sam4s.o
 .group         0x00000000        0x8 Device_Startup/system_sam4s.o
 .group         0x00000000        0x8 Device_Startup/system_sam4s.o
 .group         0x00000000        0x8 Device_Startup/system_sam4s.o
 .group         0x00000000        0x8 Device_Startup/system_sam4s.o
 .group         0x00000000        0x8 Device_Startup/system_sam4s.o
 .group         0x00000000        0x8 Device_Startup/system_sam4s.o
 .group         0x00000000        0x8 Device_Startup/system_sam4s.o
 .group         0x00000000        0x8 Device_Startup/system_sam4s.o
 .group         0x00000000        0x8 Device_Startup/system_sam4s.o
 .group         0x00000000        0x8 Device_Startup/system_sam4s.o
 .group         0x00000000        0x8 Device_Startup/system_sam4s.o
 .group         0x00000000        0x8 Device_Startup/system_sam4s.o
 .group         0x00000000        0x8 Device_Startup/system_sam4s.o
 .group         0x00000000        0x8 Device_Startup/system_sam4s.o
 .group         0x00000000        0x8 Device_Startup/system_sam4s.o
 .group         0x00000000        0x8 Device_Startup/system_sam4s.o
 .group         0x00000000        0x8 Device_Startup/system_sam4s.o
 .group         0x00000000        0x8 Device_Startup/system_sam4s.o
 .group         0x00000000        0x8 Device_Startup/system_sam4s.o
 .group         0x00000000        0x8 Device_Startup/system_sam4s.o
 .group         0x00000000        0x8 Device_Startup/system_sam4s.o
 .group         0x00000000        0x8 Device_Startup/system_sam4s.o
 .group         0x00000000        0x8 Device_Startup/system_sam4s.o
 .group         0x00000000        0x8 Device_Startup/system_sam4s.o
 .group         0x00000000        0x8 Device_Startup/system_sam4s.o
 .group         0x00000000        0x8 Device_Startup/system_sam4s.o
 .group         0x00000000        0x8 Device_Startup/system_sam4s.o
 .group         0x00000000        0x8 Device_Startup/system_sam4s.o
 .group         0x00000000        0x8 Device_Startup/system_sam4s.o
 .group         0x00000000        0x8 Device_Startup/system_sam4s.o
 .group         0x00000000        0x8 Device_Startup/system_sam4s.o
 .group         0x00000000        0x8 Device_Startup/system_sam4s.o
 .group         0x00000000        0x8 Device_Startup/system_sam4s.o
 .group         0x00000000        0x8 Device_Startup/system_sam4s.o
 .group         0x00000000        0x8 Device_Startup/system_sam4s.o
 .group         0x00000000        0x8 Device_Startup/system_sam4s.o
 .group         0x00000000        0x8 Device_Startup/system_sam4s.o
 .group         0x00000000        0x8 Device_Startup/system_sam4s.o
 .group         0x00000000        0x8 Device_Startup/system_sam4s.o
 .group         0x00000000        0x8 Device_Startup/system_sam4s.o
 .group         0x00000000        0x8 Device_Startup/system_sam4s.o
 .group         0x00000000        0x8 Device_Startup/system_sam4s.o
 .group         0x00000000        0x8 Device_Startup/system_sam4s.o
 .group         0x00000000        0x8 Device_Startup/system_sam4s.o
 .group         0x00000000        0x8 Device_Startup/system_sam4s.o
 .group         0x00000000        0x8 Device_Startup/system_sam4s.o
 .group         0x00000000        0x8 Device_Startup/system_sam4s.o
 .group         0x00000000        0x8 Device_Startup/system_sam4s.o
 .text          0x00000000        0x0 Device_Startup/system_sam4s.o
 .data          0x00000000        0x4 Device_Startup/system_sam4s.o
 .bss           0x00000000        0x0 Device_Startup/system_sam4s.o
 .text.SystemCoreClockUpdate
                0x00000000      0x110 Device_Startup/system_sam4s.o
 .text.system_init_flash
                0x00000000       0x6c Device_Startup/system_sam4s.o
 .debug_macro   0x00000000      0x8b0 Device_Startup/system_sam4s.o
 .debug_macro   0x00000000       0x22 Device_Startup/system_sam4s.o
 .debug_macro   0x00000000       0x87 Device_Startup/system_sam4s.o
 .debug_macro   0x00000000       0x51 Device_Startup/system_sam4s.o
 .debug_macro   0x00000000       0xef Device_Startup/system_sam4s.o
 .debug_macro   0x00000000       0x6a Device_Startup/system_sam4s.o
 .debug_macro   0x00000000      0x1df Device_Startup/system_sam4s.o
 .debug_macro   0x00000000       0x27 Device_Startup/system_sam4s.o
 .debug_macro   0x00000000       0x28 Device_Startup/system_sam4s.o
 .debug_macro   0x00000000       0xaf Device_Startup/system_sam4s.o
 .debug_macro   0x00000000      0xfe7 Device_Startup/system_sam4s.o
 .debug_macro   0x00000000      0x16c Device_Startup/system_sam4s.o
 .debug_macro   0x00000000      0xc6e Device_Startup/system_sam4s.o
 .debug_macro   0x00000000      0x1a8 Device_Startup/system_sam4s.o
 .debug_macro   0x00000000       0xb2 Device_Startup/system_sam4s.o
 .debug_macro   0x00000000      0x40e Device_Startup/system_sam4s.o
 .debug_macro   0x00000000      0x112 Device_Startup/system_sam4s.o
 .debug_macro   0x00000000       0x1c Device_Startup/system_sam4s.o
 .debug_macro   0x00000000      0x785 Device_Startup/system_sam4s.o
 .debug_macro   0x00000000      0x311 Device_Startup/system_sam4s.o
 .debug_macro   0x00000000       0xbe Device_Startup/system_sam4s.o
 .debug_macro   0x00000000     0x2810 Device_Startup/system_sam4s.o
 .debug_macro   0x00000000      0x7a1 Device_Startup/system_sam4s.o
 .debug_macro   0x00000000      0xb51 Device_Startup/system_sam4s.o
 .debug_macro   0x00000000       0xa6 Device_Startup/system_sam4s.o
 .debug_macro   0x00000000      0x3fb Device_Startup/system_sam4s.o
 .debug_macro   0x00000000       0x64 Device_Startup/system_sam4s.o
 .debug_macro   0x00000000      0x1b6 Device_Startup/system_sam4s.o
 .debug_macro   0x00000000      0x386 Device_Startup/system_sam4s.o
 .debug_macro   0x00000000      0x663 Device_Startup/system_sam4s.o
 .debug_macro   0x00000000      0x6a4 Device_Startup/system_sam4s.o
 .debug_macro   0x00000000      0x615 Device_Startup/system_sam4s.o
 .debug_macro   0x00000000      0x346 Device_Startup/system_sam4s.o
 .debug_macro   0x00000000      0x28c Device_Startup/system_sam4s.o
 .debug_macro   0x00000000      0x2cf Device_Startup/system_sam4s.o
 .debug_macro   0x00000000      0x6ec Device_Startup/system_sam4s.o
 .debug_macro   0x00000000       0x7c Device_Startup/system_sam4s.o
 .debug_macro   0x00000000       0xb8 Device_Startup/system_sam4s.o
 .debug_macro   0x00000000       0xb2 Device_Startup/system_sam4s.o
 .debug_macro   0x00000000       0x88 Device_Startup/system_sam4s.o
 .debug_macro   0x00000000      0x100 Device_Startup/system_sam4s.o
 .debug_macro   0x00000000      0x100 Device_Startup/system_sam4s.o
 .debug_macro   0x00000000       0x88 Device_Startup/system_sam4s.o
 .debug_macro   0x00000000       0x88 Device_Startup/system_sam4s.o
 .debug_macro   0x00000000      0x2cd Device_Startup/system_sam4s.o
 .debug_macro   0x00000000       0xac Device_Startup/system_sam4s.o
 .debug_macro   0x00000000       0xac Device_Startup/system_sam4s.o
 .debug_macro   0x00000000       0x52 Device_Startup/system_sam4s.o
 .debug_macro   0x00000000       0xac Device_Startup/system_sam4s.o
 .debug_macro   0x00000000       0x7c Device_Startup/system_sam4s.o
 .debug_macro   0x00000000       0x40 Device_Startup/system_sam4s.o
 .debug_macro   0x00000000       0x64 Device_Startup/system_sam4s.o
 .debug_macro   0x00000000       0x88 Device_Startup/system_sam4s.o
 .debug_macro   0x00000000       0x4c Device_Startup/system_sam4s.o
 .debug_macro   0x00000000       0xa6 Device_Startup/system_sam4s.o
 .debug_macro   0x00000000       0x7c Device_Startup/system_sam4s.o
 .debug_macro   0x00000000       0x16 Device_Startup/system_sam4s.o
 .debug_macro   0x00000000       0x7c Device_Startup/system_sam4s.o
 .debug_macro   0x00000000       0x22 Device_Startup/system_sam4s.o
 .debug_macro   0x00000000      0x186 Device_Startup/system_sam4s.o
 .debug_macro   0x00000000      0x156 Device_Startup/system_sam4s.o
 .debug_macro   0x00000000      0x156 Device_Startup/system_sam4s.o
 .debug_macro   0x00000000       0x1c Device_Startup/system_sam4s.o
 .debug_macro   0x00000000       0x2e Device_Startup/system_sam4s.o
 .debug_macro   0x00000000       0x22 Device_Startup/system_sam4s.o
 .debug_macro   0x00000000       0x1c Device_Startup/system_sam4s.o
 .debug_macro   0x00000000       0x52 Device_Startup/system_sam4s.o
 .debug_macro   0x00000000       0x10 Device_Startup/system_sam4s.o
 .debug_macro   0x00000000      0x21f Device_Startup/system_sam4s.o
 .debug_macro   0x00000000      0x93e Device_Startup/system_sam4s.o
 .debug_macro   0x00000000      0x107 Device_Startup/system_sam4s.o
 .group         0x00000000        0x8 main.o
 .group         0x00000000        0x8 main.o
 .group         0x00000000        0x8 main.o
 .group         0x00000000        0x8 main.o
 .group         0x00000000        0x8 main.o
 .group         0x00000000        0x8 main.o
 .group         0x00000000        0x8 main.o
 .group         0x00000000        0x8 main.o
 .group         0x00000000        0x8 main.o
 .group         0x00000000        0x8 main.o
 .group         0x00000000        0x8 main.o
 .group         0x00000000        0x8 main.o
 .group         0x00000000        0x8 main.o
 .group         0x00000000        0x8 main.o
 .group         0x00000000        0x8 main.o
 .group         0x00000000        0x8 main.o
 .group         0x00000000        0x8 main.o
 .group         0x00000000        0x8 main.o
 .group         0x00000000        0x8 main.o
 .group         0x00000000        0x8 main.o
 .group         0x00000000        0x8 main.o
 .group         0x00000000        0x8 main.o
 .group         0x00000000        0x8 main.o
 .group         0x00000000        0x8 main.o
 .group         0x00000000        0x8 main.o
 .group         0x00000000        0x8 main.o
 .group         0x00000000        0x8 main.o
 .group         0x00000000        0x8 main.o
 .group         0x00000000        0x8 main.o
 .group         0x00000000        0x8 main.o
 .group         0x00000000        0x8 main.o
 .group         0x00000000        0x8 main.o
 .group         0x00000000        0x8 main.o
 .group         0x00000000        0x8 main.o
 .group         0x00000000        0x8 main.o
 .group         0x00000000        0x8 main.o
 .group         0x00000000        0x8 main.o
 .group         0x00000000        0x8 main.o
 .group         0x00000000        0x8 main.o
 .group         0x00000000        0x8 main.o
 .group         0x00000000        0x8 main.o
 .group         0x00000000        0x8 main.o
 .group         0x00000000        0x8 main.o
 .group         0x00000000        0x8 main.o
 .group         0x00000000        0x8 main.o
 .group         0x00000000        0x8 main.o
 .group         0x00000000        0x8 main.o
 .group         0x00000000        0x8 main.o
 .group         0x00000000        0x8 main.o
 .group         0x00000000        0x8 main.o
 .group         0x00000000        0x8 main.o
 .group         0x00000000        0x8 main.o
 .group         0x00000000        0x8 main.o
 .group         0x00000000        0x8 main.o
 .group         0x00000000        0x8 main.o
 .group         0x00000000        0x8 main.o
 .group         0x00000000        0x8 main.o
 .group         0x00000000        0x8 main.o
 .group         0x00000000        0x8 main.o
 .group         0x00000000        0x8 main.o
 .group         0x00000000        0x8 main.o
 .group         0x00000000        0x8 main.o
 .group         0x00000000        0x8 main.o
 .group         0x00000000        0x8 main.o
 .group         0x00000000        0x8 main.o
 .group         0x00000000        0x8 main.o
 .group         0x00000000        0x8 main.o
 .group         0x00000000        0x8 main.o
 .group         0x00000000        0x8 main.o
 .group         0x00000000        0x8 main.o
 .group         0x00000000        0x8 main.o
 .text          0x00000000        0x0 main.o
 .data          0x00000000        0x0 main.o
 .bss           0x00000000        0x0 main.o
 .debug_macro   0x00000000      0x8b0 main.o
 .debug_macro   0x00000000       0x22 main.o
 .debug_macro   0x00000000       0x87 main.o
 .debug_macro   0x00000000       0x51 main.o
 .debug_macro   0x00000000       0xef main.o
 .debug_macro   0x00000000       0x6a main.o
 .debug_macro   0x00000000      0x1df main.o
 .debug_macro   0x00000000       0x27 main.o
 .debug_macro   0x00000000       0x28 main.o
 .debug_macro   0x00000000       0xaf main.o
 .debug_macro   0x00000000      0xfe7 main.o
 .debug_macro   0x00000000      0x16c main.o
 .debug_macro   0x00000000      0xc6e main.o
 .debug_macro   0x00000000      0x1a8 main.o
 .debug_macro   0x00000000       0xb2 main.o
 .debug_macro   0x00000000      0x40e main.o
 .debug_macro   0x00000000      0x112 main.o
 .debug_macro   0x00000000       0x1c main.o
 .debug_macro   0x00000000      0x785 main.o
 .debug_macro   0x00000000      0x311 main.o
 .debug_macro   0x00000000       0xbe main.o
 .debug_macro   0x00000000     0x2810 main.o
 .debug_macro   0x00000000      0x7a1 main.o
 .debug_macro   0x00000000      0xb51 main.o
 .debug_macro   0x00000000       0xa6 main.o
 .debug_macro   0x00000000      0x3fb main.o
 .debug_macro   0x00000000       0x64 main.o
 .debug_macro   0x00000000      0x1b6 main.o
 .debug_macro   0x00000000      0x386 main.o
 .debug_macro   0x00000000      0x663 main.o
 .debug_macro   0x00000000      0x6a4 main.o
 .debug_macro   0x00000000      0x615 main.o
 .debug_macro   0x00000000      0x346 main.o
 .debug_macro   0x00000000      0x28c main.o
 .debug_macro   0x00000000      0x2cf main.o
 .debug_macro   0x00000000      0x6ec main.o
 .debug_macro   0x00000000       0x7c main.o
 .debug_macro   0x00000000       0xb8 main.o
 .debug_macro   0x00000000       0xb2 main.o
 .debug_macro   0x00000000       0x88 main.o
 .debug_macro   0x00000000      0x100 main.o
 .debug_macro   0x00000000      0x100 main.o
 .debug_macro   0x00000000       0x88 main.o
 .debug_macro   0x00000000       0x88 main.o
 .debug_macro   0x00000000      0x2cd main.o
 .debug_macro   0x00000000       0xac main.o
 .debug_macro   0x00000000       0xac main.o
 .debug_macro   0x00000000       0x52 main.o
 .debug_macro   0x00000000       0xac main.o
 .debug_macro   0x00000000       0x7c main.o
 .debug_macro   0x00000000       0x40 main.o
 .debug_macro   0x00000000       0x64 main.o
 .debug_macro   0x00000000       0x88 main.o
 .debug_macro   0x00000000       0x4c main.o
 .debug_macro   0x00000000       0xa6 main.o
 .debug_macro   0x00000000       0x7c main.o
 .debug_macro   0x00000000       0x16 main.o
 .debug_macro   0x00000000       0x7c main.o
 .debug_macro   0x00000000       0x22 main.o
 .debug_macro   0x00000000      0x186 main.o
 .debug_macro   0x00000000      0x156 main.o
 .debug_macro   0x00000000      0x156 main.o
 .debug_macro   0x00000000       0x1c main.o
 .debug_macro   0x00000000       0x2e main.o
 .debug_macro   0x00000000       0x22 main.o
 .debug_macro   0x00000000       0x1c main.o
 .debug_macro   0x00000000       0x52 main.o
 .debug_macro   0x00000000       0x10 main.o
 .debug_macro   0x00000000      0x21f main.o
 .debug_macro   0x00000000      0x93e main.o
 .debug_macro   0x00000000      0x107 main.o
 .group         0x00000000        0x8 reverdi.o
 .group         0x00000000        0x8 reverdi.o
 .group         0x00000000        0x8 reverdi.o
 .group         0x00000000        0x8 reverdi.o
 .group         0x00000000        0x8 reverdi.o
 .group         0x00000000        0x8 reverdi.o
 .group         0x00000000        0x8 reverdi.o
 .group         0x00000000        0x8 reverdi.o
 .group         0x00000000        0x8 reverdi.o
 .group         0x00000000        0x8 reverdi.o
 .group         0x00000000        0x8 reverdi.o
 .group         0x00000000        0x8 reverdi.o
 .group         0x00000000        0x8 reverdi.o
 .group         0x00000000        0x8 reverdi.o
 .group         0x00000000        0x8 reverdi.o
 .group         0x00000000        0x8 reverdi.o
 .group         0x00000000        0x8 reverdi.o
 .group         0x00000000        0x8 reverdi.o
 .group         0x00000000        0x8 reverdi.o
 .group         0x00000000        0x8 reverdi.o
 .group         0x00000000        0x8 reverdi.o
 .group         0x00000000        0x8 reverdi.o
 .group         0x00000000        0x8 reverdi.o
 .group         0x00000000        0x8 reverdi.o
 .group         0x00000000        0x8 reverdi.o
 .group         0x00000000        0x8 reverdi.o
 .group         0x00000000        0x8 reverdi.o
 .group         0x00000000        0x8 reverdi.o
 .group         0x00000000        0x8 reverdi.o
 .group         0x00000000        0x8 reverdi.o
 .group         0x00000000        0x8 reverdi.o
 .group         0x00000000        0x8 reverdi.o
 .group         0x00000000        0x8 reverdi.o
 .group         0x00000000        0x8 reverdi.o
 .group         0x00000000        0x8 reverdi.o
 .group         0x00000000        0x8 reverdi.o
 .group         0x00000000        0x8 reverdi.o
 .group         0x00000000        0x8 reverdi.o
 .group         0x00000000        0x8 reverdi.o
 .group         0x00000000        0x8 reverdi.o
 .group         0x00000000        0x8 reverdi.o
 .group         0x00000000        0x8 reverdi.o
 .group         0x00000000        0x8 reverdi.o
 .group         0x00000000        0x8 reverdi.o
 .group         0x00000000        0x8 reverdi.o
 .group         0x00000000        0x8 reverdi.o
 .group         0x00000000        0x8 reverdi.o
 .group         0x00000000        0x8 reverdi.o
 .group         0x00000000        0x8 reverdi.o
 .group         0x00000000        0x8 reverdi.o
 .group         0x00000000        0x8 reverdi.o
 .group         0x00000000        0x8 reverdi.o
 .group         0x00000000        0x8 reverdi.o
 .group         0x00000000        0x8 reverdi.o
 .group         0x00000000        0x8 reverdi.o
 .group         0x00000000        0x8 reverdi.o
 .group         0x00000000        0x8 reverdi.o
 .group         0x00000000        0x8 reverdi.o
 .group         0x00000000        0x8 reverdi.o
 .group         0x00000000        0x8 reverdi.o
 .group         0x00000000        0x8 reverdi.o
 .group         0x00000000        0x8 reverdi.o
 .group         0x00000000        0x8 reverdi.o
 .group         0x00000000        0x8 reverdi.o
 .group         0x00000000        0x8 reverdi.o
 .group         0x00000000        0x8 reverdi.o
 .group         0x00000000        0x8 reverdi.o
 .group         0x00000000        0x8 reverdi.o
 .group         0x00000000        0x8 reverdi.o
 .group         0x00000000        0x8 reverdi.o
 .group         0x00000000        0x8 reverdi.o
 .group         0x00000000        0x8 reverdi.o
 .text          0x00000000        0x0 reverdi.o
 .data          0x00000000        0x0 reverdi.o
 .debug_macro   0x00000000      0x8b0 reverdi.o
 .debug_macro   0x00000000       0x22 reverdi.o
 .debug_macro   0x00000000       0x87 reverdi.o
 .debug_macro   0x00000000       0x51 reverdi.o
 .debug_macro   0x00000000       0xef reverdi.o
 .debug_macro   0x00000000       0x6a reverdi.o
 .debug_macro   0x00000000      0x1df reverdi.o
 .debug_macro   0x00000000       0x27 reverdi.o
 .debug_macro   0x00000000       0x28 reverdi.o
 .debug_macro   0x00000000       0xaf reverdi.o
 .debug_macro   0x00000000      0xfe7 reverdi.o
 .debug_macro   0x00000000      0x16c reverdi.o
 .debug_macro   0x00000000      0xc6e reverdi.o
 .debug_macro   0x00000000      0x1a8 reverdi.o
 .debug_macro   0x00000000       0xb2 reverdi.o
 .debug_macro   0x00000000      0x40e reverdi.o
 .debug_macro   0x00000000      0x112 reverdi.o
 .debug_macro   0x00000000       0x1c reverdi.o
 .debug_macro   0x00000000      0x785 reverdi.o
 .debug_macro   0x00000000      0x311 reverdi.o
 .debug_macro   0x00000000       0xbe reverdi.o
 .debug_macro   0x00000000     0x2810 reverdi.o
 .debug_macro   0x00000000      0x7a1 reverdi.o
 .debug_macro   0x00000000      0xb51 reverdi.o
 .debug_macro   0x00000000       0xa6 reverdi.o
 .debug_macro   0x00000000      0x3fb reverdi.o
 .debug_macro   0x00000000       0x64 reverdi.o
 .debug_macro   0x00000000      0x1b6 reverdi.o
 .debug_macro   0x00000000      0x386 reverdi.o
 .debug_macro   0x00000000      0x663 reverdi.o
 .debug_macro   0x00000000      0x6a4 reverdi.o
 .debug_macro   0x00000000      0x615 reverdi.o
 .debug_macro   0x00000000      0x346 reverdi.o
 .debug_macro   0x00000000      0x28c reverdi.o
 .debug_macro   0x00000000      0x2cf reverdi.o
 .debug_macro   0x00000000      0x6ec reverdi.o
 .debug_macro   0x00000000       0x7c reverdi.o
 .debug_macro   0x00000000       0xb8 reverdi.o
 .debug_macro   0x00000000       0xb2 reverdi.o
 .debug_macro   0x00000000       0x88 reverdi.o
 .debug_macro   0x00000000      0x100 reverdi.o
 .debug_macro   0x00000000      0x100 reverdi.o
 .debug_macro   0x00000000       0x88 reverdi.o
 .debug_macro   0x00000000       0x88 reverdi.o
 .debug_macro   0x00000000      0x2cd reverdi.o
 .debug_macro   0x00000000       0xac reverdi.o
 .debug_macro   0x00000000       0xac reverdi.o
 .debug_macro   0x00000000       0x52 reverdi.o
 .debug_macro   0x00000000       0xac reverdi.o
 .debug_macro   0x00000000       0x7c reverdi.o
 .debug_macro   0x00000000       0x40 reverdi.o
 .debug_macro   0x00000000       0x64 reverdi.o
 .debug_macro   0x00000000       0x88 reverdi.o
 .debug_macro   0x00000000       0x4c reverdi.o
 .debug_macro   0x00000000       0xa6 reverdi.o
 .debug_macro   0x00000000       0x7c reverdi.o
 .debug_macro   0x00000000       0x16 reverdi.o
 .debug_macro   0x00000000       0x7c reverdi.o
 .debug_macro   0x00000000       0x22 reverdi.o
 .debug_macro   0x00000000      0x186 reverdi.o
 .debug_macro   0x00000000      0x156 reverdi.o
 .debug_macro   0x00000000      0x156 reverdi.o
 .debug_macro   0x00000000       0x1c reverdi.o
 .debug_macro   0x00000000       0x2e reverdi.o
 .debug_macro   0x00000000       0x22 reverdi.o
 .debug_macro   0x00000000       0x1c reverdi.o
 .debug_macro   0x00000000       0x52 reverdi.o
 .debug_macro   0x00000000       0x10 reverdi.o
 .debug_macro   0x00000000      0x21f reverdi.o
 .debug_macro   0x00000000      0x93e reverdi.o
 .debug_macro   0x00000000      0x107 reverdi.o
 .group         0x00000000        0x8 spi.o
 .group         0x00000000        0x8 spi.o
 .group         0x00000000        0x8 spi.o
 .group         0x00000000        0x8 spi.o
 .group         0x00000000        0x8 spi.o
 .group         0x00000000        0x8 spi.o
 .group         0x00000000        0x8 spi.o
 .group         0x00000000        0x8 spi.o
 .group         0x00000000        0x8 spi.o
 .group         0x00000000        0x8 spi.o
 .group         0x00000000        0x8 spi.o
 .group         0x00000000        0x8 spi.o
 .group         0x00000000        0x8 spi.o
 .group         0x00000000        0x8 spi.o
 .group         0x00000000        0x8 spi.o
 .group         0x00000000        0x8 spi.o
 .group         0x00000000        0x8 spi.o
 .group         0x00000000        0x8 spi.o
 .group         0x00000000        0x8 spi.o
 .group         0x00000000        0x8 spi.o
 .group         0x00000000        0x8 spi.o
 .group         0x00000000        0x8 spi.o
 .group         0x00000000        0x8 spi.o
 .group         0x00000000        0x8 spi.o
 .group         0x00000000        0x8 spi.o
 .group         0x00000000        0x8 spi.o
 .group         0x00000000        0x8 spi.o
 .group         0x00000000        0x8 spi.o
 .group         0x00000000        0x8 spi.o
 .group         0x00000000        0x8 spi.o
 .group         0x00000000        0x8 spi.o
 .group         0x00000000        0x8 spi.o
 .group         0x00000000        0x8 spi.o
 .group         0x00000000        0x8 spi.o
 .group         0x00000000        0x8 spi.o
 .group         0x00000000        0x8 spi.o
 .group         0x00000000        0x8 spi.o
 .group         0x00000000        0x8 spi.o
 .group         0x00000000        0x8 spi.o
 .group         0x00000000        0x8 spi.o
 .group         0x00000000        0x8 spi.o
 .group         0x00000000        0x8 spi.o
 .group         0x00000000        0x8 spi.o
 .group         0x00000000        0x8 spi.o
 .group         0x00000000        0x8 spi.o
 .group         0x00000000        0x8 spi.o
 .group         0x00000000        0x8 spi.o
 .group         0x00000000        0x8 spi.o
 .group         0x00000000        0x8 spi.o
 .group         0x00000000        0x8 spi.o
 .group         0x00000000        0x8 spi.o
 .group         0x00000000        0x8 spi.o
 .group         0x00000000        0x8 spi.o
 .group         0x00000000        0x8 spi.o
 .group         0x00000000        0x8 spi.o
 .group         0x00000000        0x8 spi.o
 .group         0x00000000        0x8 spi.o
 .group         0x00000000        0x8 spi.o
 .group         0x00000000        0x8 spi.o
 .group         0x00000000        0x8 spi.o
 .group         0x00000000        0x8 spi.o
 .group         0x00000000        0x8 spi.o
 .group         0x00000000        0x8 spi.o
 .group         0x00000000        0x8 spi.o
 .group         0x00000000        0x8 spi.o
 .group         0x00000000        0x8 spi.o
 .group         0x00000000        0x8 spi.o
 .group         0x00000000        0x8 spi.o
 .group         0x00000000        0x8 spi.o
 .group         0x00000000        0x8 spi.o
 .group         0x00000000        0x8 spi.o
 .text          0x00000000        0x0 spi.o
 .data          0x00000000        0x0 spi.o
 .text.SPI_deselect_span
                0x00000000       0x28 spi.o
 .text.slaveselect
                0x00000000       0x10 spi.o
 .text.slavedeselect
                0x00000000       0x38 spi.o
 .text.flirReset_assert
                0x00000000       0x10 spi.o
 .text.flirReset_deassert
                0x00000000       0x10 spi.o
 .text.SPI_byteExchange
                0x00000000       0x30 spi.o
 .text.spi_write16
                0x00000000       0x14 spi.o
 .debug_macro   0x00000000      0x8b0 spi.o
 .debug_macro   0x00000000       0x22 spi.o
 .debug_macro   0x00000000       0x87 spi.o
 .debug_macro   0x00000000       0x51 spi.o
 .debug_macro   0x00000000       0xef spi.o
 .debug_macro   0x00000000       0x6a spi.o
 .debug_macro   0x00000000      0x1df spi.o
 .debug_macro   0x00000000       0x27 spi.o
 .debug_macro   0x00000000       0x28 spi.o
 .debug_macro   0x00000000       0xaf spi.o
 .debug_macro   0x00000000      0xfe7 spi.o
 .debug_macro   0x00000000      0x16c spi.o
 .debug_macro   0x00000000      0xc6e spi.o
 .debug_macro   0x00000000      0x1a8 spi.o
 .debug_macro   0x00000000       0xb2 spi.o
 .debug_macro   0x00000000      0x40e spi.o
 .debug_macro   0x00000000      0x112 spi.o
 .debug_macro   0x00000000       0x1c spi.o
 .debug_macro   0x00000000      0x785 spi.o
 .debug_macro   0x00000000      0x311 spi.o
 .debug_macro   0x00000000       0xbe spi.o
 .debug_macro   0x00000000     0x2810 spi.o
 .debug_macro   0x00000000      0x7a1 spi.o
 .debug_macro   0x00000000      0xb51 spi.o
 .debug_macro   0x00000000       0xa6 spi.o
 .debug_macro   0x00000000      0x3fb spi.o
 .debug_macro   0x00000000       0x64 spi.o
 .debug_macro   0x00000000      0x1b6 spi.o
 .debug_macro   0x00000000      0x386 spi.o
 .debug_macro   0x00000000      0x663 spi.o
 .debug_macro   0x00000000      0x6a4 spi.o
 .debug_macro   0x00000000      0x615 spi.o
 .debug_macro   0x00000000      0x346 spi.o
 .debug_macro   0x00000000      0x28c spi.o
 .debug_macro   0x00000000      0x2cf spi.o
 .debug_macro   0x00000000      0x6ec spi.o
 .debug_macro   0x00000000       0x7c spi.o
 .debug_macro   0x00000000       0xb8 spi.o
 .debug_macro   0x00000000       0xb2 spi.o
 .debug_macro   0x00000000       0x88 spi.o
 .debug_macro   0x00000000      0x100 spi.o
 .debug_macro   0x00000000      0x100 spi.o
 .debug_macro   0x00000000       0x88 spi.o
 .debug_macro   0x00000000       0x88 spi.o
 .debug_macro   0x00000000      0x2cd spi.o
 .debug_macro   0x00000000       0xac spi.o
 .debug_macro   0x00000000       0xac spi.o
 .debug_macro   0x00000000       0x52 spi.o
 .debug_macro   0x00000000       0xac spi.o
 .debug_macro   0x00000000       0x7c spi.o
 .debug_macro   0x00000000       0x40 spi.o
 .debug_macro   0x00000000       0x64 spi.o
 .debug_macro   0x00000000       0x88 spi.o
 .debug_macro   0x00000000       0x4c spi.o
 .debug_macro   0x00000000       0xa6 spi.o
 .debug_macro   0x00000000       0x7c spi.o
 .debug_macro   0x00000000       0x16 spi.o
 .debug_macro   0x00000000       0x7c spi.o
 .debug_macro   0x00000000       0x22 spi.o
 .debug_macro   0x00000000      0x186 spi.o
 .debug_macro   0x00000000      0x156 spi.o
 .debug_macro   0x00000000      0x156 spi.o
 .debug_macro   0x00000000       0x1c spi.o
 .debug_macro   0x00000000       0x2e spi.o
 .debug_macro   0x00000000       0x22 spi.o
 .debug_macro   0x00000000       0x1c spi.o
 .debug_macro   0x00000000       0x52 spi.o
 .debug_macro   0x00000000       0x10 spi.o
 .debug_macro   0x00000000      0x21f spi.o
 .debug_macro   0x00000000      0x93e spi.o
 .debug_macro   0x00000000      0x107 spi.o
 .text          0x00000000        0x0 c:/program files (x86)/atmel/studio/7.0/toolchain/arm/arm-gnu-toolchain/bin/../lib/gcc/arm-none-eabi/6.3.1/../../../../arm-none-eabi/lib/thumb/v7e-m\libc.a(lib_a-exit.o)
 .data          0x00000000        0x0 c:/program files (x86)/atmel/studio/7.0/toolchain/arm/arm-gnu-toolchain/bin/../lib/gcc/arm-none-eabi/6.3.1/../../../../arm-none-eabi/lib/thumb/v7e-m\libc.a(lib_a-exit.o)
 .bss           0x00000000        0x0 c:/program files (x86)/atmel/studio/7.0/toolchain/arm/arm-gnu-toolchain/bin/../lib/gcc/arm-none-eabi/6.3.1/../../../../arm-none-eabi/lib/thumb/v7e-m\libc.a(lib_a-exit.o)
 .text.exit     0x00000000       0x20 c:/program files (x86)/atmel/studio/7.0/toolchain/arm/arm-gnu-toolchain/bin/../lib/gcc/arm-none-eabi/6.3.1/../../../../arm-none-eabi/lib/thumb/v7e-m\libc.a(lib_a-exit.o)
 .debug_frame   0x00000000       0x28 c:/program files (x86)/atmel/studio/7.0/toolchain/arm/arm-gnu-toolchain/bin/../lib/gcc/arm-none-eabi/6.3.1/../../../../arm-none-eabi/lib/thumb/v7e-m\libc.a(lib_a-exit.o)
 .ARM.attributes
                0x00000000       0x2e c:/program files (x86)/atmel/studio/7.0/toolchain/arm/arm-gnu-toolchain/bin/../lib/gcc/arm-none-eabi/6.3.1/../../../../arm-none-eabi/lib/thumb/v7e-m\libc.a(lib_a-exit.o)
 .text          0x00000000        0x0 c:/program files (x86)/atmel/studio/7.0/toolchain/arm/arm-gnu-toolchain/bin/../lib/gcc/arm-none-eabi/6.3.1/../../../../arm-none-eabi/lib/thumb/v7e-m\libc.a(lib_a-impure.o)
 .data          0x00000000        0x0 c:/program files (x86)/atmel/studio/7.0/toolchain/arm/arm-gnu-toolchain/bin/../lib/gcc/arm-none-eabi/6.3.1/../../../../arm-none-eabi/lib/thumb/v7e-m\libc.a(lib_a-impure.o)
 .bss           0x00000000        0x0 c:/program files (x86)/atmel/studio/7.0/toolchain/arm/arm-gnu-toolchain/bin/../lib/gcc/arm-none-eabi/6.3.1/../../../../arm-none-eabi/lib/thumb/v7e-m\libc.a(lib_a-impure.o)
 .data._impure_ptr
                0x00000000        0x4 c:/program files (x86)/atmel/studio/7.0/toolchain/arm/arm-gnu-toolchain/bin/../lib/gcc/arm-none-eabi/6.3.1/../../../../arm-none-eabi/lib/thumb/v7e-m\libc.a(lib_a-impure.o)
 .text          0x00000000        0x0 c:/program files (x86)/atmel/studio/7.0/toolchain/arm/arm-gnu-toolchain/bin/../lib/gcc/arm-none-eabi/6.3.1/../../../../arm-none-eabi/lib/thumb/v7e-m\libc.a(lib_a-init.o)
 .data          0x00000000        0x0 c:/program files (x86)/atmel/studio/7.0/toolchain/arm/arm-gnu-toolchain/bin/../lib/gcc/arm-none-eabi/6.3.1/../../../../arm-none-eabi/lib/thumb/v7e-m\libc.a(lib_a-init.o)
 .bss           0x00000000        0x0 c:/program files (x86)/atmel/studio/7.0/toolchain/arm/arm-gnu-toolchain/bin/../lib/gcc/arm-none-eabi/6.3.1/../../../../arm-none-eabi/lib/thumb/v7e-m\libc.a(lib_a-init.o)
 .text          0x00000000        0x0 c:/program files (x86)/atmel/studio/7.0/toolchain/arm/arm-gnu-toolchain/bin/../lib/gcc/arm-none-eabi/6.3.1/../../../../arm-none-eabi/lib/thumb/v7e-m\libc.a(lib_a-memset.o)
 .data          0x00000000        0x0 c:/program files (x86)/atmel/studio/7.0/toolchain/arm/arm-gnu-toolchain/bin/../lib/gcc/arm-none-eabi/6.3.1/../../../../arm-none-eabi/lib/thumb/v7e-m\libc.a(lib_a-memset.o)
 .bss           0x00000000        0x0 c:/program files (x86)/atmel/studio/7.0/toolchain/arm/arm-gnu-toolchain/bin/../lib/gcc/arm-none-eabi/6.3.1/../../../../arm-none-eabi/lib/thumb/v7e-m\libc.a(lib_a-memset.o)
 .text.memset   0x00000000       0x9c c:/program files (x86)/atmel/studio/7.0/toolchain/arm/arm-gnu-toolchain/bin/../lib/gcc/arm-none-eabi/6.3.1/../../../../arm-none-eabi/lib/thumb/v7e-m\libc.a(lib_a-memset.o)
 .debug_frame   0x00000000       0x34 c:/program files (x86)/atmel/studio/7.0/toolchain/arm/arm-gnu-toolchain/bin/../lib/gcc/arm-none-eabi/6.3.1/../../../../arm-none-eabi/lib/thumb/v7e-m\libc.a(lib_a-memset.o)
 .ARM.attributes
                0x00000000       0x2e c:/program files (x86)/atmel/studio/7.0/toolchain/arm/arm-gnu-toolchain/bin/../lib/gcc/arm-none-eabi/6.3.1/../../../../arm-none-eabi/lib/thumb/v7e-m\libc.a(lib_a-memset.o)
 .text          0x00000000        0x0 c:/program files (x86)/atmel/studio/7.0/toolchain/arm/arm-gnu-toolchain/bin/../lib/gcc/arm-none-eabi/6.3.1/../../../../arm-none-eabi/lib/thumb/v7e-m\libc.a(lib_a-__call_atexit.o)
 .data          0x00000000        0x0 c:/program files (x86)/atmel/studio/7.0/toolchain/arm/arm-gnu-toolchain/bin/../lib/gcc/arm-none-eabi/6.3.1/../../../../arm-none-eabi/lib/thumb/v7e-m\libc.a(lib_a-__call_atexit.o)
 .bss           0x00000000        0x0 c:/program files (x86)/atmel/studio/7.0/toolchain/arm/arm-gnu-toolchain/bin/../lib/gcc/arm-none-eabi/6.3.1/../../../../arm-none-eabi/lib/thumb/v7e-m\libc.a(lib_a-__call_atexit.o)
 .text.__call_exitprocs
                0x00000000       0xe8 c:/program files (x86)/atmel/studio/7.0/toolchain/arm/arm-gnu-toolchain/bin/../lib/gcc/arm-none-eabi/6.3.1/../../../../arm-none-eabi/lib/thumb/v7e-m\libc.a(lib_a-__call_atexit.o)
 .text          0x00000000        0x0 c:/program files (x86)/atmel/studio/7.0/toolchain/arm/arm-gnu-toolchain/bin/../lib/gcc/arm-none-eabi/6.3.1/../../../../arm-none-eabi/lib/thumb/v7e-m\libc.a(lib_a-atexit.o)
 .data          0x00000000        0x0 c:/program files (x86)/atmel/studio/7.0/toolchain/arm/arm-gnu-toolchain/bin/../lib/gcc/arm-none-eabi/6.3.1/../../../../arm-none-eabi/lib/thumb/v7e-m\libc.a(lib_a-atexit.o)
 .bss           0x00000000        0x0 c:/program files (x86)/atmel/studio/7.0/toolchain/arm/arm-gnu-toolchain/bin/../lib/gcc/arm-none-eabi/6.3.1/../../../../arm-none-eabi/lib/thumb/v7e-m\libc.a(lib_a-atexit.o)
 .text          0x00000000        0x0 c:/program files (x86)/atmel/studio/7.0/toolchain/arm/arm-gnu-toolchain/bin/../lib/gcc/arm-none-eabi/6.3.1/../../../../arm-none-eabi/lib/thumb/v7e-m\libc.a(lib_a-fini.o)
 .data          0x00000000        0x0 c:/program files (x86)/atmel/studio/7.0/toolchain/arm/arm-gnu-toolchain/bin/../lib/gcc/arm-none-eabi/6.3.1/../../../../arm-none-eabi/lib/thumb/v7e-m\libc.a(lib_a-fini.o)
 .bss           0x00000000        0x0 c:/program files (x86)/atmel/studio/7.0/toolchain/arm/arm-gnu-toolchain/bin/../lib/gcc/arm-none-eabi/6.3.1/../../../../arm-none-eabi/lib/thumb/v7e-m\libc.a(lib_a-fini.o)
 .text          0x00000000        0x0 c:/program files (x86)/atmel/studio/7.0/toolchain/arm/arm-gnu-toolchain/bin/../lib/gcc/arm-none-eabi/6.3.1/../../../../arm-none-eabi/lib/thumb/v7e-m\libc.a(lib_a-lock.o)
 .data          0x00000000        0x0 c:/program files (x86)/atmel/studio/7.0/toolchain/arm/arm-gnu-toolchain/bin/../lib/gcc/arm-none-eabi/6.3.1/../../../../arm-none-eabi/lib/thumb/v7e-m\libc.a(lib_a-lock.o)
 .bss           0x00000000        0x0 c:/program files (x86)/atmel/studio/7.0/toolchain/arm/arm-gnu-toolchain/bin/../lib/gcc/arm-none-eabi/6.3.1/../../../../arm-none-eabi/lib/thumb/v7e-m\libc.a(lib_a-lock.o)
 .text.__retarget_lock_init
                0x00000000        0x4 c:/program files (x86)/atmel/studio/7.0/toolchain/arm/arm-gnu-toolchain/bin/../lib/gcc/arm-none-eabi/6.3.1/../../../../arm-none-eabi/lib/thumb/v7e-m\libc.a(lib_a-lock.o)
 .text.__retarget_lock_init_recursive
                0x00000000        0x4 c:/program files (x86)/atmel/studio/7.0/toolchain/arm/arm-gnu-toolchain/bin/../lib/gcc/arm-none-eabi/6.3.1/../../../../arm-none-eabi/lib/thumb/v7e-m\libc.a(lib_a-lock.o)
 .text.__retarget_lock_close
                0x00000000        0x4 c:/program files (x86)/atmel/studio/7.0/toolchain/arm/arm-gnu-toolchain/bin/../lib/gcc/arm-none-eabi/6.3.1/../../../../arm-none-eabi/lib/thumb/v7e-m\libc.a(lib_a-lock.o)
 .text.__retarget_lock_close_recursive
                0x00000000        0x4 c:/program files (x86)/atmel/studio/7.0/toolchain/arm/arm-gnu-toolchain/bin/../lib/gcc/arm-none-eabi/6.3.1/../../../../arm-none-eabi/lib/thumb/v7e-m\libc.a(lib_a-lock.o)
 .text.__retarget_lock_acquire
                0x00000000        0x4 c:/program files (x86)/atmel/studio/7.0/toolchain/arm/arm-gnu-toolchain/bin/../lib/gcc/arm-none-eabi/6.3.1/../../../../arm-none-eabi/lib/thumb/v7e-m\libc.a(lib_a-lock.o)
 .text.__retarget_lock_try_acquire
                0x00000000        0x4 c:/program files (x86)/atmel/studio/7.0/toolchain/arm/arm-gnu-toolchain/bin/../lib/gcc/arm-none-eabi/6.3.1/../../../../arm-none-eabi/lib/thumb/v7e-m\libc.a(lib_a-lock.o)
 .text.__retarget_lock_try_acquire_recursive
                0x00000000        0x4 c:/program files (x86)/atmel/studio/7.0/toolchain/arm/arm-gnu-toolchain/bin/../lib/gcc/arm-none-eabi/6.3.1/../../../../arm-none-eabi/lib/thumb/v7e-m\libc.a(lib_a-lock.o)
 .text.__retarget_lock_release
                0x00000000        0x4 c:/program files (x86)/atmel/studio/7.0/toolchain/arm/arm-gnu-toolchain/bin/../lib/gcc/arm-none-eabi/6.3.1/../../../../arm-none-eabi/lib/thumb/v7e-m\libc.a(lib_a-lock.o)
 .text          0x00000000        0x0 c:/program files (x86)/atmel/studio/7.0/toolchain/arm/arm-gnu-toolchain/bin/../lib/gcc/arm-none-eabi/6.3.1/../../../../arm-none-eabi/lib/thumb/v7e-m\libc.a(lib_a-__atexit.o)
 .data          0x00000000        0x0 c:/program files (x86)/atmel/studio/7.0/toolchain/arm/arm-gnu-toolchain/bin/../lib/gcc/arm-none-eabi/6.3.1/../../../../arm-none-eabi/lib/thumb/v7e-m\libc.a(lib_a-__atexit.o)
 .bss           0x00000000        0x0 c:/program files (x86)/atmel/studio/7.0/toolchain/arm/arm-gnu-toolchain/bin/../lib/gcc/arm-none-eabi/6.3.1/../../../../arm-none-eabi/lib/thumb/v7e-m\libc.a(lib_a-__atexit.o)
 .text          0x00000000        0x0 c:/program files (x86)/atmel/studio/7.0/toolchain/arm/arm-gnu-toolchain/bin/../lib/gcc/arm-none-eabi/6.3.1/thumb/v7e-m/crtend.o
 .data          0x00000000        0x0 c:/program files (x86)/atmel/studio/7.0/toolchain/arm/arm-gnu-toolchain/bin/../lib/gcc/arm-none-eabi/6.3.1/thumb/v7e-m/crtend.o
 .bss           0x00000000        0x0 c:/program files (x86)/atmel/studio/7.0/toolchain/arm/arm-gnu-toolchain/bin/../lib/gcc/arm-none-eabi/6.3.1/thumb/v7e-m/crtend.o
 .eh_frame      0x00000000        0x4 c:/program files (x86)/atmel/studio/7.0/toolchain/arm/arm-gnu-toolchain/bin/../lib/gcc/arm-none-eabi/6.3.1/thumb/v7e-m/crtend.o
 .jcr           0x00000000        0x4 c:/program files (x86)/atmel/studio/7.0/toolchain/arm/arm-gnu-toolchain/bin/../lib/gcc/arm-none-eabi/6.3.1/thumb/v7e-m/crtend.o
 .ARM.attributes
                0x00000000       0x2e c:/program files (x86)/atmel/studio/7.0/toolchain/arm/arm-gnu-toolchain/bin/../lib/gcc/arm-none-eabi/6.3.1/thumb/v7e-m/crtend.o
 .text          0x00000000        0x0 c:/program files (x86)/atmel/studio/7.0/toolchain/arm/arm-gnu-toolchain/bin/../lib/gcc/arm-none-eabi/6.3.1/thumb/v7e-m/crtn.o
 .data          0x00000000        0x0 c:/program files (x86)/atmel/studio/7.0/toolchain/arm/arm-gnu-toolchain/bin/../lib/gcc/arm-none-eabi/6.3.1/thumb/v7e-m/crtn.o
 .bss           0x00000000        0x0 c:/program files (x86)/atmel/studio/7.0/toolchain/arm/arm-gnu-toolchain/bin/../lib/gcc/arm-none-eabi/6.3.1/thumb/v7e-m/crtn.o

Memory Configuration

Name             Origin             Length             Attributes
rom              0x00400000         0x00100000         xr
ram              0x20000000         0x00020000         xrw
*default*        0x00000000         0xffffffff

Linker script and memory map

LOAD c:/program files (x86)/atmel/studio/7.0/toolchain/arm/arm-gnu-toolchain/bin/../lib/gcc/arm-none-eabi/6.3.1/thumb/v7e-m/crti.o
LOAD c:/program files (x86)/atmel/studio/7.0/toolchain/arm/arm-gnu-toolchain/bin/../lib/gcc/arm-none-eabi/6.3.1/thumb/v7e-m/crtbegin.o
LOAD c:/program files (x86)/atmel/studio/7.0/toolchain/arm/arm-gnu-toolchain/bin/../lib/gcc/arm-none-eabi/6.3.1/../../../../arm-none-eabi/lib/thumb/v7e-m/crt0.o
LOAD Device_Startup/startup_sam4s.o
LOAD Device_Startup/system_sam4s.o
LOAD main.o
LOAD reverdi.o
LOAD spi.o
START GROUP
LOAD c:/program files (x86)/atmel/studio/7.0/toolchain/arm/arm-gnu-toolchain/bin/../lib/gcc/arm-none-eabi/6.3.1/../../../../arm-none-eabi/lib/thumb/v7e-m\libm.a
END GROUP
START GROUP
LOAD c:/program files (x86)/atmel/studio/7.0/toolchain/arm/arm-gnu-toolchain/bin/../lib/gcc/arm-none-eabi/6.3.1/thumb/v7e-m\libgcc.a
LOAD c:/program files (x86)/atmel/studio/7.0/toolchain/arm/arm-gnu-toolchain/bin/../lib/gcc/arm-none-eabi/6.3.1/../../../../arm-none-eabi/lib/thumb/v7e-m\libc.a
END GROUP
LOAD c:/program files (x86)/atmel/studio/7.0/toolchain/arm/arm-gnu-toolchain/bin/../lib/gcc/arm-none-eabi/6.3.1/thumb/v7e-m/crtend.o
LOAD c:/program files (x86)/atmel/studio/7.0/toolchain/arm/arm-gnu-toolchain/bin/../lib/gcc/arm-none-eabi/6.3.1/thumb/v7e-m/crtn.o
                0x00000400                STACK_SIZE = DEFINED (STACK_SIZE)?STACK_SIZE:0x400
                0x00000200                HEAP_SIZE = DEFINED (HEAP_SIZE)?HEAP_SIZE:0x200

.text           0x00400000      0x8b0
                0x00400000                . = ALIGN (0x4)
                0x00400000                _sfixed = .
 *(.vectors .vectors.*)
 .vectors       0x00400000       0xcc Device_Startup/startup_sam4s.o
                0x00400000                exception_table
 *(.text .text.* .gnu.linkonce.t.*)
 .text          0x004000cc       0x6c c:/program files (x86)/atmel/studio/7.0/toolchain/arm/arm-gnu-toolchain/bin/../lib/gcc/arm-none-eabi/6.3.1/thumb/v7e-m/crtbegin.o
 .text.Dummy_Handler
                0x00400138        0x2 Device_Startup/startup_sam4s.o
                0x00400138                DACC_Handler
                0x00400138                DebugMon_Handler
                0x00400138                HardFault_Handler
                0x00400138                TC2_Handler
                0x00400138                SPI_Handler
                0x00400138                SysTick_Handler
                0x00400138                TWI1_Handler
                0x00400138                PendSV_Handler
                0x00400138                NMI_Handler
                0x00400138                ADC_Handler
                0x00400138                CRCCU_Handler
                0x00400138                USART0_Handler
                0x00400138                RTT_Handler
                0x00400138                PIOB_Handler
                0x00400138                RTC_Handler
                0x00400138                UsageFault_Handler
                0x00400138                WDT_Handler
                0x00400138                TC4_Handler
                0x00400138                TC1_Handler
                0x00400138                HSMCI_Handler
                0x00400138                UART1_Handler
                0x00400138                TC3_Handler
                0x00400138                Dummy_Handler
                0x00400138                TWI0_Handler
                0x00400138                USART1_Handler
                0x00400138                PIOA_Handler
                0x00400138                SSC_Handler
                0x00400138                EFC0_Handler
                0x00400138                ACC_Handler
                0x00400138                PMC_Handler
                0x00400138                PWM_Handler
                0x00400138                MemManage_Handler
                0x00400138                SUPC_Handler
                0x00400138                SVC_Handler
                0x00400138                UART0_Handler
                0x00400138                PIOC_Handler
                0x00400138                UDP_Handler
                0x00400138                BusFault_Handler
                0x00400138                RSTC_Handler
                0x00400138                TC0_Handler
                0x00400138                TC5_Handler
 *fill*         0x0040013a        0x2 
 .text.Reset_Handler
                0x0040013c       0x84 Device_Startup/startup_sam4s.o
                0x0040013c                Reset_Handler
 .text.SystemInit
                0x004001c0       0x10 Device_Startup/system_sam4s.o
                0x004001c0                SystemInit
 .text.main     0x004001d0       0x34 main.o
                0x004001d0                main
 .text.Riverdi_read_8
                0x00400204       0x2c reverdi.o
                0x00400204                Riverdi_read_8
 .text.Riverdi_write_16
                0x00400230       0x34 reverdi.o
                0x00400230                Riverdi_write_16
 .text.Riverdi_write_32
                0x00400264       0x48 reverdi.o
                0x00400264                Riverdi_write_32
 .text.Riverdi_write_8
                0x004002ac       0x2c reverdi.o
                0x004002ac                Riverdi_write_8
 .text.Riverdi_inc_cmdoffset
                0x004002d8       0x18 reverdi.o
                0x004002d8                Riverdi_inc_cmdoffset
 .text.Riverdi_cmd
                0x004002f0       0x4c reverdi.o
                0x004002f0                Riverdi_cmd
 .text.Riverdi_test_logo
                0x0040033c       0x1c reverdi.o
                0x0040033c                Riverdi_test_logo
 .text.Riverdi_host_command
                0x00400358       0x14 reverdi.o
                0x00400358                Riverdi_host_command
 .text.Riverdi_init
                0x0040036c      0x160 reverdi.o
                0x0040036c                Riverdi_init
 .text.clock_init
                0x004004cc       0x58 spi.o
                0x004004cc                clock_init
 .text.SPI_setMode
                0x00400524       0x64 spi.o
                0x00400524                SPI_setMode
 .text.SPI_selectPeripheral
                0x00400588       0x44 spi.o
                0x00400588                SPI_selectPeripheral
 .text.SPI_init
                0x004005cc       0x88 spi.o
                0x004005cc                SPI_init
 .text.spi_write
                0x00400654       0x30 spi.o
                0x00400654                spi_write
 .text.spi_read
                0x00400684       0x1c spi.o
                0x00400684                spi_read
 .text.timerInit
                0x004006a0       0x4c spi.o
                0x004006a0                timerInit
 .text.delay_ms
                0x004006ec       0x2c spi.o
                0x004006ec                delay_ms
 .text.__libc_init_array
                0x00400718       0x50 c:/program files (x86)/atmel/studio/7.0/toolchain/arm/arm-gnu-toolchain/bin/../lib/gcc/arm-none-eabi/6.3.1/../../../../arm-none-eabi/lib/thumb/v7e-m\libc.a(lib_a-init.o)
                0x00400718                __libc_init_array
 .text.startup.register_fini
                0x00400768       0x14 c:/program files (x86)/atmel/studio/7.0/toolchain/arm/arm-gnu-toolchain/bin/../lib/gcc/arm-none-eabi/6.3.1/../../../../arm-none-eabi/lib/thumb/v7e-m\libc.a(lib_a-__call_atexit.o)
 .text.atexit   0x0040077c        0xc c:/program files (x86)/atmel/studio/7.0/toolchain/arm/arm-gnu-toolchain/bin/../lib/gcc/arm-none-eabi/6.3.1/../../../../arm-none-eabi/lib/thumb/v7e-m\libc.a(lib_a-atexit.o)
                0x0040077c                atexit
 .text.__libc_fini_array
                0x00400788       0x34 c:/program files (x86)/atmel/studio/7.0/toolchain/arm/arm-gnu-toolchain/bin/../lib/gcc/arm-none-eabi/6.3.1/../../../../arm-none-eabi/lib/thumb/v7e-m\libc.a(lib_a-fini.o)
                0x00400788                __libc_fini_array
 .text.__retarget_lock_acquire_recursive
                0x004007bc        0x4 c:/program files (x86)/atmel/studio/7.0/toolchain/arm/arm-gnu-toolchain/bin/../lib/gcc/arm-none-eabi/6.3.1/../../../../arm-none-eabi/lib/thumb/v7e-m\libc.a(lib_a-lock.o)
                0x004007bc                __retarget_lock_acquire_recursive
 .text.__retarget_lock_release_recursive
                0x004007c0        0x4 c:/program files (x86)/atmel/studio/7.0/toolchain/arm/arm-gnu-toolchain/bin/../lib/gcc/arm-none-eabi/6.3.1/../../../../arm-none-eabi/lib/thumb/v7e-m\libc.a(lib_a-lock.o)
                0x004007c0                __retarget_lock_release_recursive
 .text.__register_exitproc
                0x004007c4       0xc4 c:/program files (x86)/atmel/studio/7.0/toolchain/arm/arm-gnu-toolchain/bin/../lib/gcc/arm-none-eabi/6.3.1/../../../../arm-none-eabi/lib/thumb/v7e-m\libc.a(lib_a-__atexit.o)
                0x004007c4                __register_exitproc
 *(.glue_7t)
 .glue_7t       0x00400888        0x0 linker stubs
 *(.glue_7)
 .glue_7        0x00400888        0x0 linker stubs
 *(.rodata .rodata* .gnu.linkonce.r.*)
 .rodata._global_impure_ptr
                0x00400888        0x4 c:/program files (x86)/atmel/studio/7.0/toolchain/arm/arm-gnu-toolchain/bin/../lib/gcc/arm-none-eabi/6.3.1/../../../../arm-none-eabi/lib/thumb/v7e-m\libc.a(lib_a-impure.o)
                0x00400888                _global_impure_ptr
 *(.ARM.extab* .gnu.linkonce.armextab.*)
                0x0040088c                . = ALIGN (0x4)
 *(.init)
 .init          0x0040088c        0x4 c:/program files (x86)/atmel/studio/7.0/toolchain/arm/arm-gnu-toolchain/bin/../lib/gcc/arm-none-eabi/6.3.1/thumb/v7e-m/crti.o
                0x0040088c                _init
 .init          0x00400890        0x8 c:/program files (x86)/atmel/studio/7.0/toolchain/arm/arm-gnu-toolchain/bin/../lib/gcc/arm-none-eabi/6.3.1/thumb/v7e-m/crtn.o
                0x00400898                . = ALIGN (0x4)
                0x00400898                __preinit_array_start = .
 *(.preinit_array)
                0x00400898                __preinit_array_end = .
                0x00400898                . = ALIGN (0x4)
                0x00400898                __init_array_start = .
 *(SORT(.init_array.*))
 .init_array.00000
                0x00400898        0x4 c:/program files (x86)/atmel/studio/7.0/toolchain/arm/arm-gnu-toolchain/bin/../lib/gcc/arm-none-eabi/6.3.1/../../../../arm-none-eabi/lib/thumb/v7e-m\libc.a(lib_a-__call_atexit.o)
 *(.init_array)
 .init_array    0x0040089c        0x4 c:/program files (x86)/atmel/studio/7.0/toolchain/arm/arm-gnu-toolchain/bin/../lib/gcc/arm-none-eabi/6.3.1/thumb/v7e-m/crtbegin.o
                0x004008a0                __init_array_end = .
                0x004008a0                . = ALIGN (0x4)
 *crtbegin.o(.ctors)
 *(EXCLUDE_FILE(*crtend.o) .ctors)
 *(SORT(.ctors.*))
 *crtend.o(.ctors)
                0x004008a0                . = ALIGN (0x4)
 *(.fini)
 .fini          0x004008a0        0x4 c:/program files (x86)/atmel/studio/7.0/toolchain/arm/arm-gnu-toolchain/bin/../lib/gcc/arm-none-eabi/6.3.1/thumb/v7e-m/crti.o
                0x004008a0                _fini
 .fini          0x004008a4        0x8 c:/program files (x86)/atmel/studio/7.0/toolchain/arm/arm-gnu-toolchain/bin/../lib/gcc/arm-none-eabi/6.3.1/thumb/v7e-m/crtn.o
                0x004008ac                . = ALIGN (0x4)
                0x004008ac                __fini_array_start = .
 *(.fini_array)
 .fini_array    0x004008ac        0x4 c:/program files (x86)/atmel/studio/7.0/toolchain/arm/arm-gnu-toolchain/bin/../lib/gcc/arm-none-eabi/6.3.1/thumb/v7e-m/crtbegin.o
 *(SORT(.fini_array.*))
                0x004008b0                __fini_array_end = .
 *crtbegin.o(.dtors)
 *(EXCLUDE_FILE(*crtend.o) .dtors)
 *(SORT(.dtors.*))
 *crtend.o(.dtors)
                0x004008b0                . = ALIGN (0x4)
                0x004008b0                _efixed = .
                [!provide]                PROVIDE (__exidx_start, .)

.vfp11_veneer   0x004008b0        0x0
 .vfp11_veneer  0x004008b0        0x0 linker stubs

.v4_bx          0x004008b0        0x0
 .v4_bx         0x004008b0        0x0 linker stubs

.iplt           0x004008b0        0x0
 .iplt          0x004008b0        0x0 c:/program files (x86)/atmel/studio/7.0/toolchain/arm/arm-gnu-toolchain/bin/../lib/gcc/arm-none-eabi/6.3.1/thumb/v7e-m/crtbegin.o

.eh_frame       0x004008b0        0x0
 .eh_frame      0x004008b0        0x0 c:/program files (x86)/atmel/studio/7.0/toolchain/arm/arm-gnu-toolchain/bin/../lib/gcc/arm-none-eabi/6.3.1/thumb/v7e-m/crtbegin.o

.rel.dyn        0x004008b0        0x0
 .rel.iplt      0x004008b0        0x0 c:/program files (x86)/atmel/studio/7.0/toolchain/arm/arm-gnu-toolchain/bin/../lib/gcc/arm-none-eabi/6.3.1/thumb/v7e-m/crtbegin.o

.jcr            0x004008b0        0x0
 .jcr           0x004008b0        0x0 c:/program files (x86)/atmel/studio/7.0/toolchain/arm/arm-gnu-toolchain/bin/../lib/gcc/arm-none-eabi/6.3.1/thumb/v7e-m/crtbegin.o

.igot.plt       0x004008b0        0x0
 .igot.plt      0x004008b0        0x0 c:/program files (x86)/atmel/studio/7.0/toolchain/arm/arm-gnu-toolchain/bin/../lib/gcc/arm-none-eabi/6.3.1/thumb/v7e-m/crtbegin.o

.ARM.exidx
 *(.ARM.exidx* .gnu.linkonce.armexidx.*)
                [!provide]                PROVIDE (__exidx_end, .)
                0x004008b0                . = ALIGN (0x4)
                0x004008b0                _etext = .

.relocate       0x20000000      0x42c load address 0x004008b0
                0x20000000                . = ALIGN (0x4)
                0x20000000                _srelocate = .
 *(.ramfunc .ramfunc.*)
 *(.data .data.*)
 .data.impure_data
                0x20000000      0x428 c:/program files (x86)/atmel/studio/7.0/toolchain/arm/arm-gnu-toolchain/bin/../lib/gcc/arm-none-eabi/6.3.1/../../../../arm-none-eabi/lib/thumb/v7e-m\libc.a(lib_a-impure.o)
 .data.__atexit_recursive_mutex
                0x20000428        0x4 c:/program files (x86)/atmel/studio/7.0/toolchain/arm/arm-gnu-toolchain/bin/../lib/gcc/arm-none-eabi/6.3.1/../../../../arm-none-eabi/lib/thumb/v7e-m\libc.a(lib_a-__call_atexit.o)
                0x20000428                __atexit_recursive_mutex
                0x2000042c                . = ALIGN (0x4)
                0x2000042c                _erelocate = .

.bss            0x2000042c       0x48 load address 0x00400cdc
                0x2000042c                . = ALIGN (0x4)
                0x2000042c                _sbss = .
                0x2000042c                _szero = .
 *(.bss .bss.*)
 .bss           0x2000042c       0x1c c:/program files (x86)/atmel/studio/7.0/toolchain/arm/arm-gnu-toolchain/bin/../lib/gcc/arm-none-eabi/6.3.1/thumb/v7e-m/crtbegin.o
 .bss           0x20000448        0x4 reverdi.o
                0x20000448                cmdOffset
 .bss           0x2000044c        0x4 spi.o
                0x2000044c                counter
 *(COMMON)
 COMMON         0x20000450       0x21 c:/program files (x86)/atmel/studio/7.0/toolchain/arm/arm-gnu-toolchain/bin/../lib/gcc/arm-none-eabi/6.3.1/../../../../arm-none-eabi/lib/thumb/v7e-m\libc.a(lib_a-lock.o)
                0x20000450                __lock___atexit_recursive_mutex
                0x20000454                __lock___arc4random_mutex
                0x20000458                __lock___env_recursive_mutex
                0x2000045c                __lock___sinit_recursive_mutex
                0x20000460                __lock___malloc_recursive_mutex
                0x20000464                __lock___at_quick_exit_mutex
                0x20000468                __lock___dd_hash_mutex
                0x2000046c                __lock___tz_mutex
                0x20000470                __lock___sfp_recursive_mutex
                0x20000474                . = ALIGN (0x4)
 *fill*         0x20000471        0x3 
                0x20000474                _ebss = .
                0x20000474                _ezero = .

.stack          0x20000474      0x404 load address 0x00400d24
                0x20000478                . = ALIGN (0x8)
 *fill*         0x20000474        0x4 
                0x20000478                _sstack = .
                0x20000878                . = (. + STACK_SIZE)
 *fill*         0x20000478      0x400 
                0x20000878                . = ALIGN (0x8)
                0x20000878                _estack = .

.heap           0x20000878      0x200 load address 0x00401128
                0x20000878                . = ALIGN (0x8)
                0x20000878                _sheap = .
                0x20000a78                . = (. + HEAP_SIZE)
 *fill*         0x20000878      0x200 
                0x20000a78                . = ALIGN (0x8)
                0x20000a78                _eheap = .
                0x20000a78                . = ALIGN (0x4)
                0x20000a78                _end = .
                0x2001ffff                _ram_end_ = ((ORIGIN (ram) + LENGTH (ram)) - 0x1)
OUTPUT(sedrtfjnmk.elf elf32-littlearm)

.ARM.attributes
                0x00000000       0x2a
 .ARM.attributes
                0x00000000       0x1e c:/program files (x86)/atmel/studio/7.0/toolchain/arm/arm-gnu-toolchain/bin/../lib/gcc/arm-none-eabi/6.3.1/thumb/v7e-m/crti.o
 .ARM.attributes
                0x0000001e       0x2e c:/program files (x86)/atmel/studio/7.0/toolchain/arm/arm-gnu-toolchain/bin/../lib/gcc/arm-none-eabi/6.3.1/thumb/v7e-m/crtbegin.o
 .ARM.attributes
                0x0000004c       0x33 Device_Startup/startup_sam4s.o
 .ARM.attributes
                0x0000007f       0x33 Device_Startup/system_sam4s.o
 .ARM.attributes
                0x000000b2       0x33 main.o
 .ARM.attributes
                0x000000e5       0x33 reverdi.o
 .ARM.attributes
                0x00000118       0x33 spi.o
 .ARM.attributes
                0x0000014b       0x2e c:/program files (x86)/atmel/studio/7.0/toolchain/arm/arm-gnu-toolchain/bin/../lib/gcc/arm-none-eabi/6.3.1/../../../../arm-none-eabi/lib/thumb/v7e-m\libc.a(lib_a-impure.o)
 .ARM.attributes
                0x00000179       0x2e c:/program files (x86)/atmel/studio/7.0/toolchain/arm/arm-gnu-toolchain/bin/../lib/gcc/arm-none-eabi/6.3.1/../../../../arm-none-eabi/lib/thumb/v7e-m\libc.a(lib_a-init.o)
 .ARM.attributes
                0x000001a7       0x2e c:/program files (x86)/atmel/studio/7.0/toolchain/arm/arm-gnu-toolchain/bin/../lib/gcc/arm-none-eabi/6.3.1/../../../../arm-none-eabi/lib/thumb/v7e-m\libc.a(lib_a-__call_atexit.o)
 .ARM.attributes
                0x000001d5       0x2e c:/program files (x86)/atmel/studio/7.0/toolchain/arm/arm-gnu-toolchain/bin/../lib/gcc/arm-none-eabi/6.3.1/../../../../arm-none-eabi/lib/thumb/v7e-m\libc.a(lib_a-atexit.o)
 .ARM.attributes
                0x00000203       0x2e c:/program files (x86)/atmel/studio/7.0/toolchain/arm/arm-gnu-toolchain/bin/../lib/gcc/arm-none-eabi/6.3.1/../../../../arm-none-eabi/lib/thumb/v7e-m\libc.a(lib_a-fini.o)
 .ARM.attributes
                0x00000231       0x2e c:/program files (x86)/atmel/studio/7.0/toolchain/arm/arm-gnu-toolchain/bin/../lib/gcc/arm-none-eabi/6.3.1/../../../../arm-none-eabi/lib/thumb/v7e-m\libc.a(lib_a-lock.o)
 .ARM.attributes
                0x0000025f       0x2e c:/program files (x86)/atmel/studio/7.0/toolchain/arm/arm-gnu-toolchain/bin/../lib/gcc/arm-none-eabi/6.3.1/../../../../arm-none-eabi/lib/thumb/v7e-m\libc.a(lib_a-__atexit.o)
 .ARM.attributes
                0x0000028d       0x1e c:/program files (x86)/atmel/studio/7.0/toolchain/arm/arm-gnu-toolchain/bin/../lib/gcc/arm-none-eabi/6.3.1/thumb/v7e-m/crtn.o

.comment        0x00000000       0x59
 .comment       0x00000000       0x59 Device_Startup/startup_sam4s.o
                                 0x5a (size before relaxing)
 .comment       0x00000059       0x5a Device_Startup/system_sam4s.o
 .comment       0x00000059       0x5a main.o
 .comment       0x00000059       0x5a reverdi.o
 .comment       0x00000059       0x5a spi.o

.debug_info     0x00000000     0x1be3
 .debug_info    0x00000000      0x6b4 Device_Startup/startup_sam4s.o
 .debug_info    0x000006b4      0x458 Device_Startup/system_sam4s.o
 .debug_info    0x00000b0c      0x1d7 main.o
 .debug_info    0x00000ce3      0x964 reverdi.o
 .debug_info    0x00001647      0x59c spi.o

.debug_abbrev   0x00000000      0x672
 .debug_abbrev  0x00000000      0x153 Device_Startup/startup_sam4s.o
 .debug_abbrev  0x00000153      0x102 Device_Startup/system_sam4s.o
 .debug_abbrev  0x00000255       0xc1 main.o
 .debug_abbrev  0x00000316      0x13d reverdi.o
 .debug_abbrev  0x00000453      0x21f spi.o

.debug_loc      0x00000000      0x400
 .debug_loc     0x00000000       0x6b Device_Startup/startup_sam4s.o
 .debug_loc     0x0000006b       0x20 main.o
 .debug_loc     0x0000008b      0x2be reverdi.o
 .debug_loc     0x00000349       0xb7 spi.o

.debug_aranges  0x00000000      0x168
 .debug_aranges
                0x00000000       0x28 Device_Startup/startup_sam4s.o
 .debug_aranges
                0x00000028       0x30 Device_Startup/system_sam4s.o
 .debug_aranges
                0x00000058       0x20 main.o
 .debug_aranges
                0x00000078       0x60 reverdi.o
 .debug_aranges
                0x000000d8       0x90 spi.o

.debug_ranges   0x00000000      0x118
 .debug_ranges  0x00000000       0x18 Device_Startup/startup_sam4s.o
 .debug_ranges  0x00000018       0x20 Device_Startup/system_sam4s.o
 .debug_ranges  0x00000038       0x10 main.o
 .debug_ranges  0x00000048       0x50 reverdi.o
 .debug_ranges  0x00000098       0x80 spi.o

.debug_macro    0x00000000     0xdb69
 .debug_macro   0x00000000      0x2f8 Device_Startup/startup_sam4s.o
 .debug_macro   0x000002f8      0x8b0 Device_Startup/startup_sam4s.o
 .debug_macro   0x00000ba8       0x22 Device_Startup/startup_sam4s.o
 .debug_macro   0x00000bca       0x87 Device_Startup/startup_sam4s.o
 .debug_macro   0x00000c51       0x51 Device_Startup/startup_sam4s.o
 .debug_macro   0x00000ca2       0xef Device_Startup/startup_sam4s.o
 .debug_macro   0x00000d91       0x6a Device_Startup/startup_sam4s.o
 .debug_macro   0x00000dfb      0x1df Device_Startup/startup_sam4s.o
 .debug_macro   0x00000fda       0x27 Device_Startup/startup_sam4s.o
 .debug_macro   0x00001001       0x28 Device_Startup/startup_sam4s.o
 .debug_macro   0x00001029       0xaf Device_Startup/startup_sam4s.o
 .debug_macro   0x000010d8      0xfe7 Device_Startup/startup_sam4s.o
 .debug_macro   0x000020bf      0x16c Device_Startup/startup_sam4s.o
 .debug_macro   0x0000222b      0xc6e Device_Startup/startup_sam4s.o
 .debug_macro   0x00002e99      0x1a8 Device_Startup/startup_sam4s.o
 .debug_macro   0x00003041       0xb2 Device_Startup/startup_sam4s.o
 .debug_macro   0x000030f3      0x40e Device_Startup/startup_sam4s.o
 .debug_macro   0x00003501      0x112 Device_Startup/startup_sam4s.o
 .debug_macro   0x00003613       0x1c Device_Startup/startup_sam4s.o
 .debug_macro   0x0000362f      0x785 Device_Startup/startup_sam4s.o
 .debug_macro   0x00003db4      0x311 Device_Startup/startup_sam4s.o
 .debug_macro   0x000040c5       0xbe Device_Startup/startup_sam4s.o
 .debug_macro   0x00004183     0x2810 Device_Startup/startup_sam4s.o
 .debug_macro   0x00006993      0x7a1 Device_Startup/startup_sam4s.o
 .debug_macro   0x00007134      0xb51 Device_Startup/startup_sam4s.o
 .debug_macro   0x00007c85       0xa6 Device_Startup/startup_sam4s.o
 .debug_macro   0x00007d2b      0x3fb Device_Startup/startup_sam4s.o
 .debug_macro   0x00008126       0x64 Device_Startup/startup_sam4s.o
 .debug_macro   0x0000818a      0x1b6 Device_Startup/startup_sam4s.o
 .debug_macro   0x00008340      0x386 Device_Startup/startup_sam4s.o
 .debug_macro   0x000086c6      0x663 Device_Startup/startup_sam4s.o
 .debug_macro   0x00008d29      0x6a4 Device_Startup/startup_sam4s.o
 .debug_macro   0x000093cd      0x615 Device_Startup/startup_sam4s.o
 .debug_macro   0x000099e2      0x346 Device_Startup/startup_sam4s.o
 .debug_macro   0x00009d28      0x28c Device_Startup/startup_sam4s.o
 .debug_macro   0x00009fb4      0x2cf Device_Startup/startup_sam4s.o
 .debug_macro   0x0000a283      0x6ec Device_Startup/startup_sam4s.o
 .debug_macro   0x0000a96f       0x7c Device_Startup/startup_sam4s.o
 .debug_macro   0x0000a9eb       0xb8 Device_Startup/startup_sam4s.o
 .debug_macro   0x0000aaa3       0xb2 Device_Startup/startup_sam4s.o
 .debug_macro   0x0000ab55       0x88 Device_Startup/startup_sam4s.o
 .debug_macro   0x0000abdd      0x100 Device_Startup/startup_sam4s.o
 .debug_macro   0x0000acdd      0x100 Device_Startup/startup_sam4s.o
 .debug_macro   0x0000addd       0x88 Device_Startup/startup_sam4s.o
 .debug_macro   0x0000ae65       0x88 Device_Startup/startup_sam4s.o
 .debug_macro   0x0000aeed      0x2cd Device_Startup/startup_sam4s.o
 .debug_macro   0x0000b1ba       0xac Device_Startup/startup_sam4s.o
 .debug_macro   0x0000b266       0xac Device_Startup/startup_sam4s.o
 .debug_macro   0x0000b312       0x52 Device_Startup/startup_sam4s.o
 .debug_macro   0x0000b364       0xac Device_Startup/startup_sam4s.o
 .debug_macro   0x0000b410       0x7c Device_Startup/startup_sam4s.o
 .debug_macro   0x0000b48c       0x40 Device_Startup/startup_sam4s.o
 .debug_macro   0x0000b4cc       0x64 Device_Startup/startup_sam4s.o
 .debug_macro   0x0000b530       0x88 Device_Startup/startup_sam4s.o
 .debug_macro   0x0000b5b8       0x4c Device_Startup/startup_sam4s.o
 .debug_macro   0x0000b604       0xa6 Device_Startup/startup_sam4s.o
 .debug_macro   0x0000b6aa       0x7c Device_Startup/startup_sam4s.o
 .debug_macro   0x0000b726       0x16 Device_Startup/startup_sam4s.o
 .debug_macro   0x0000b73c       0x7c Device_Startup/startup_sam4s.o
 .debug_macro   0x0000b7b8       0x22 Device_Startup/startup_sam4s.o
 .debug_macro   0x0000b7da      0x186 Device_Startup/startup_sam4s.o
 .debug_macro   0x0000b960      0x156 Device_Startup/startup_sam4s.o
 .debug_macro   0x0000bab6      0x156 Device_Startup/startup_sam4s.o
 .debug_macro   0x0000bc0c       0x1c Device_Startup/startup_sam4s.o
 .debug_macro   0x0000bc28       0x2e Device_Startup/startup_sam4s.o
 .debug_macro   0x0000bc56       0x22 Device_Startup/startup_sam4s.o
 .debug_macro   0x0000bc78       0x1c Device_Startup/startup_sam4s.o
 .debug_macro   0x0000bc94       0x52 Device_Startup/startup_sam4s.o
 .debug_macro   0x0000bce6       0x10 Device_Startup/startup_sam4s.o
 .debug_macro   0x0000bcf6      0x21f Device_Startup/startup_sam4s.o
 .debug_macro   0x0000bf15      0x93e Device_Startup/startup_sam4s.o
 .debug_macro   0x0000c853      0x107 Device_Startup/startup_sam4s.o
 .debug_macro   0x0000c95a      0x304 Device_Startup/system_sam4s.o
 .debug_macro   0x0000cc5e      0x2f8 main.o
 .debug_macro   0x0000cf56      0x301 reverdi.o
 .debug_macro   0x0000d257      0x614 reverdi.o
 .debug_macro   0x0000d86b      0x2fe spi.o

.debug_line     0x00000000     0x238a
 .debug_line    0x00000000      0x6b4 Device_Startup/startup_sam4s.o
 .debug_line    0x000006b4      0x6f3 Device_Startup/system_sam4s.o
 .debug_line    0x00000da7      0x688 main.o
 .debug_line    0x0000142f      0x74c reverdi.o
 .debug_line    0x00001b7b      0x80f spi.o

.debug_str      0x00000000    0x4095d
 .debug_str     0x00000000    0x3e7c3 Device_Startup/startup_sam4s.o
                              0x3e9b5 (size before relaxing)
 .debug_str     0x0003e7c3      0x22f Device_Startup/system_sam4s.o
                              0x3e75e (size before relaxing)
 .debug_str     0x0003e9f2       0x50 main.o
                              0x3e57c (size before relaxing)
 .debug_str     0x0003ea42     0x1c31 reverdi.o
                              0x40196 (size before relaxing)
 .debug_str     0x00040673      0x2ea spi.o
                              0x3e89b (size before relaxing)

.debug_frame    0x00000000      0x46c
 .debug_frame   0x00000000       0x38 Device_Startup/startup_sam4s.o
 .debug_frame   0x00000038       0x40 Device_Startup/system_sam4s.o
 .debug_frame   0x00000078       0x28 main.o
 .debug_frame   0x000000a0       0xf8 reverdi.o
 .debug_frame   0x00000198      0x114 spi.o
 .debug_frame   0x000002ac       0x2c c:/program files (x86)/atmel/studio/7.0/toolchain/arm/arm-gnu-toolchain/bin/../lib/gcc/arm-none-eabi/6.3.1/../../../../arm-none-eabi/lib/thumb/v7e-m\libc.a(lib_a-init.o)
 .debug_frame   0x000002d8       0x5c c:/program files (x86)/atmel/studio/7.0/toolchain/arm/arm-gnu-toolchain/bin/../lib/gcc/arm-none-eabi/6.3.1/../../../../arm-none-eabi/lib/thumb/v7e-m\libc.a(lib_a-__call_atexit.o)
 .debug_frame   0x00000334       0x20 c:/program files (x86)/atmel/studio/7.0/toolchain/arm/arm-gnu-toolchain/bin/../lib/gcc/arm-none-eabi/6.3.1/../../../../arm-none-eabi/lib/thumb/v7e-m\libc.a(lib_a-atexit.o)
 .debug_frame   0x00000354       0x34 c:/program files (x86)/atmel/studio/7.0/toolchain/arm/arm-gnu-toolchain/bin/../lib/gcc/arm-none-eabi/6.3.1/../../../../arm-none-eabi/lib/thumb/v7e-m\libc.a(lib_a-fini.o)
 .debug_frame   0x00000388       0xb0 c:/program files (x86)/atmel/studio/7.0/toolchain/arm/arm-gnu-toolchain/bin/../lib/gcc/arm-none-eabi/6.3.1/../../../../arm-none-eabi/lib/thumb/v7e-m\libc.a(lib_a-lock.o)
 .debug_frame   0x00000438       0x34 c:/program files (x86)/atmel/studio/7.0/toolchain/arm/arm-gnu-toolchain/bin/../lib/gcc/arm-none-eabi/6.3.1/../../../../arm-none-eabi/lib/thumb/v7e-m\libc.a(lib_a-__atexit.o)
